
> zacc-integrity-nexus@0.0.0 build
> vite build

